// Vitest Snapshot v1, https://vitest.dev/guide/snapshot.html

exports[`predict() snapshot > scores fixed headlines identically 1`] = `
[
  {
    "aspects": [
      [
        "sensational",
        5,
      ],
      [
        "attribution",
        null,
      ],
      [
        "emotion",
        74,
      ],
      [
        "urgency",
        20,
      ],
      [
        "specificity",
        26,
      ],
      [
        "style",
        86,
      ],
      [
        "clickbait",
        64,
      ],
      [
        "corroboration",
        null,
      ],
    ],
    "attribution": [],
    "dates": [],
    "debunkFraming": false,
    "languageRisk": "high",
    "riskScore": 100,
    "sources": [
      [
        "pib-factcheck",
        2,
      ],
      [
        "niti-aayog",
        2,
      ],
      [
        "mohfw",
        2,
      ],
      [
        "icmr",
        2,
      ],
    ],
    "text": "Shocking secret cure doctors hate, share before it gets deleted!",
    "topics": [
      "health",
    ],
    "verdict": "likely-misleading",
  },
  {
    "aspects": [
      [
        "sensational",
        100,
      ],
      [
        "attribution",
        null,
      ],
      [
        "emotion",
        96,
      ],
      [
        "urgency",
        95,
      ],
      [
        "specificity",
        62,
      ],
      [
        "style",
        98,
      ],
      [
        "clickbait",
        94,
      ],
      [
        "corroboration",
        null,
      ],
    ],
    "attribution": [
      "ministry of finance announced",
    ],
    "dates": [
      "1 april 2024",
    ],
    "debunkFraming": false,
    "languageRisk": "low",
    "riskScore": 0,
    "sources": [
      [
        "pib-factcheck",
        2,
      ],
      [
        "niti-aayog",
        2,
      ],
      [
        "mospi",
        2,
      ],
      [
        "data-gov",
        2,
      ],
      [
        "rbi",
        1,
      ],
      [
        "meity",
        1,
      ],
      [
        "uidai",
        1,
      ],
      [
        "agricoop",
        1,
      ],
    ],
    "text": "The Ministry of Finance announced a revised GST rate schedule on 1 April 2024.",
    "topics": [
      "economy",
      "policy",
    ],
    "verdict": "unverified",
  },
  {
    "aspects": [
      [
        "sensational",
        100,
      ],
      [
        "attribution",
        null,
      ],
      [
        "emotion",
        96,
      ],
      [
        "urgency",
        95,
      ],
      [
        "specificity",
        37,
      ],
      [
        "style",
        98,
      ],
      [
        "clickbait",
        94,
      ],
      [
        "corroboration",
        null,
      ],
    ],
    "attribution": [
      "governor says",
    ],
    "dates": [],
    "debunkFraming": false,
    "languageRisk": "low",
    "riskScore": 0,
    "sources": [
      [
        "pib-factcheck",
        2,
      ],
      [
        "niti-aayog",
        2,
      ],
      [
        "rbi",
        2,
      ],
      [
        "mospi",
        2,
      ],
      [
        "agricoop",
        2,
      ],
      [
        "data-gov",
        2,
      ],
    ],
    "text": "RBI keeps repo rate unchanged at 6.5 percent, governor says at press conference.",
    "topics": [
      "economy",
    ],
    "verdict": "unverified",
  },
  {
    "aspects": [
      [
        "sensational",
        73,
      ],
      [
        "attribution",
        null,
      ],
      [
        "emotion",
        96,
      ],
      [
        "urgency",
        70,
      ],
      [
        "specificity",
        26,
      ],
      [
        "style",
        98,
      ],
      [
        "clickbait",
        94,
      ],
      [
        "corroboration",
        null,
      ],
    ],
    "attribution": [],
    "dates": [],
    "debunkFraming": false,
    "languageRisk": "medium",
    "riskScore": 56,
    "sources": [
      [
        "pib-factcheck",
        1,
      ],
      [
        "niti-aayog",
        1,
      ],
      [
        "rbi",
        1,
      ],
      [
        "mospi",
        1,
      ],
      [
        "agricoop",
        1,
      ],
      [
        "data-gov",
        1,
      ],
    ],
    "text": "Forward this to everyone: banks will be closed for ten days from tomorrow.",
    "topics": [
      "economy",
    ],
    "verdict": "unverified",
  },
  {
    "aspects": [
      [
        "sensational",
        100,
      ],
      [
        "attribution",
        null,
      ],
      [
        "emotion",
        96,
      ],
      [
        "urgency",
        95,
      ],
      [
        "specificity",
        26,
      ],
      [
        "style",
        98,
      ],
      [
        "clickbait",
        94,
      ],
      [
        "corroboration",
        null,
      ],
    ],
    "attribution": [
      "according to imd",
      "according to officials",
    ],
    "dates": [],
    "debunkFraming": false,
    "languageRisk": "low",
    "riskScore": 0,
    "sources": [
      [
        "imd",
        2,
      ],
      [
        "ndma",
        2,
      ],
      [
        "pib-factcheck",
        0,
      ],
    ],
    "text": "According to IMD officials, heavy rainfall is expected in Kerala this week.",
    "topics": [
      "weather",
    ],
    "verdict": "unverified",
  },
  {
    "aspects": [
      [
        "sensational",
        31,
      ],
      [
        "attribution",
        null,
      ],
      [
        "emotion",
        96,
      ],
      [
        "urgency",
        95,
      ],
      [
        "specificity",
        26,
      ],
      [
        "style",
        98,
      ],
      [
        "clickbait",
        64,
      ],
      [
        "corroboration",
        null,
      ],
    ],
    "attribution": [],
    "dates": [],
    "debunkFraming": false,
    "languageRisk": "high",
    "riskScore": 66,
    "sources": [
      [
        "pib-factcheck",
        0,
      ],
    ],
    "text": "You won't believe what this politician secretly did overnight.",
    "topics": [
      "general",
    ],
    "verdict": "unverified",
  },
  {
    "aspects": [
      [
        "sensational",
        100,
      ],
      [
        "attribution",
        null,
      ],
      [
        "emotion",
        96,
      ],
      [
        "urgency",
        95,
      ],
      [
        "specificity",
        26,
      ],
      [
        "style",
        98,
      ],
      [
        "clickbait",
        94,
      ],
      [
        "corroboration",
        null,
      ],
    ],
    "attribution": [
      "isro confirmed",
    ],
    "dates": [],
    "debunkFraming": false,
    "languageRisk": "low",
    "riskScore": 0,
    "sources": [
      [
        "icmr",
        2,
      ],
      [
        "isro",
        2,
      ],
      [
        "data-gov",
        2,
      ],
      [
        "pib-factcheck",
        0,
      ],
    ],
    "text": "ISRO confirmed the successful launch of its new navigation satellite.",
    "topics": [
      "science",
    ],
    "verdict": "unverified",
  },
  {
    "aspects": [
      [
        "sensational",
        46,
      ],
      [
        "attribution",
        null,
      ],
      [
        "emotion",
        96,
      ],
      [
        "urgency",
        95,
      ],
      [
        "specificity",
        26,
      ],
      [
        "style",
        98,
      ],
      [
        "clickbait",
        94,
      ],
      [
        "corroboration",
        null,
      ],
    ],
    "attribution": [],
    "dates": [],
    "debunkFraming": false,
    "languageRisk": "medium",
    "riskScore": 36,
    "sources": [
      [
        "pib-factcheck",
        0,
      ],
    ],
    "text": "Big pharma does not want you to know about this miracle herb.",
    "topics": [
      "general",
    ],
    "verdict": "unverified",
  },
  {
    "aspects": [
      [
        "sensational",
        100,
      ],
      [
        "attribution",
        null,
      ],
      [
        "emotion",
        96,
      ],
      [
        "urgency",
        95,
      ],
      [
        "specificity",
        26,
      ],
      [
        "style",
        98,
      ],
      [
        "clickbait",
        94,
      ],
      [
        "corroboration",
        null,
      ],
    ],
    "attribution": [
      "election commission issued",
    ],
    "dates": [],
    "debunkFraming": false,
    "languageRisk": "low",
    "riskScore": 0,
    "sources": [
      [
        "pib-factcheck",
        3,
      ],
      [
        "eci",
        3,
      ],
    ],
    "text": "The Election Commission issued a press release on the polling schedule.",
    "topics": [
      "elections",
    ],
    "verdict": "unverified",
  },
  {
    "aspects": [
      [
        "sensational",
        85,
      ],
      [
        "attribution",
        null,
      ],
      [
        "emotion",
        96,
      ],
      [
        "urgency",
        95,
      ],
      [
        "specificity",
        26,
      ],
      [
        "style",
        98,
      ],
      [
        "clickbait",
        94,
      ],
      [
        "corroboration",
        null,
      ],
    ],
    "attribution": [],
    "dates": [],
    "debunkFraming": false,
    "languageRisk": "low",
    "riskScore": 10,
    "sources": [
      [
        "pib-factcheck",
        1,
      ],
      [
        "niti-aayog",
        1,
      ],
      [
        "mospi",
        1,
      ],
      [
        "meity",
        1,
      ],
      [
        "uidai",
        1,
      ],
      [
        "data-gov",
        1,
      ],
    ],
    "text": "Viral video claims the government will give free laptops to all students.",
    "topics": [
      "policy",
    ],
    "verdict": "unverified",
  },
  {
    "aspects": [
      [
        "sensational",
        100,
      ],
      [
        "attribution",
        null,
      ],
      [
        "emotion",
        96,
      ],
      [
        "urgency",
        95,
      ],
      [
        "specificity",
        26,
      ],
      [
        "style",
        98,
      ],
      [
        "clickbait",
        94,
      ],
      [
        "corroboration",
        null,
      ],
    ],
    "attribution": [],
    "dates": [],
    "debunkFraming": false,
    "languageRisk": "low",
    "riskScore": 0,
    "sources": [
      [
        "icmr",
        3,
      ],
      [
        "isro",
        3,
      ],
      [
        "data-gov",
        3,
      ],
      [
        "pib-factcheck",
        0,
      ],
    ],
    "text": "Researchers published a peer-reviewed study on air pollution in Delhi.",
    "topics": [
      "science",
    ],
    "verdict": "unverified",
  },
  {
    "aspects": [
      [
        "sensational",
        31,
      ],
      [
        "attribution",
        null,
      ],
      [
        "emotion",
        96,
      ],
      [
        "urgency",
        95,
      ],
      [
        "specificity",
        26,
      ],
      [
        "style",
        86,
      ],
      [
        "clickbait",
        94,
      ],
      [
        "corroboration",
        null,
      ],
    ],
    "attribution": [],
    "dates": [],
    "debunkFraming": false,
    "languageRisk": "medium",
    "riskScore": 52,
    "sources": [
      [
        "pib-factcheck",
        0,
      ],
    ],
    "text": "Wake up! Mainstream media is hiding the hidden truth about vaccines.",
    "topics": [
      "general",
    ],
    "verdict": "unverified",
  },
  {
    "aspects": [
      [
        "sensational",
        100,
      ],
      [
        "attribution",
        null,
      ],
      [
        "emotion",
        96,
      ],
      [
        "urgency",
        95,
      ],
      [
        "specificity",
        26,
      ],
      [
        "style",
        98,
      ],
      [
        "clickbait",
        94,
      ],
      [
        "corroboration",
        null,
      ],
    ],
    "attribution": [],
    "dates": [],
    "debunkFraming": false,
    "languageRisk": "low",
    "riskScore": 0,
    "sources": [
      [
        "pib-factcheck",
        0,
      ],
    ],
    "text": "India beat Australia by five wickets in the second Test in Chennai.",
    "topics": [
      "general",
    ],
    "verdict": "unverified",
  },
  {
    "aspects": [
      [
        "sensational",
        100,
      ],
      [
        "attribution",
        null,
      ],
      [
        "emotion",
        96,
      ],
      [
        "urgency",
        95,
      ],
      [
        "specificity",
        51,
      ],
      [
        "style",
        95,
      ],
      [
        "clickbait",
        94,
      ],
      [
        "corroboration",
        null,
      ],
    ],
    "attribution": [],
    "dates": [
      "2000",
    ],
    "debunkFraming": true,
    "languageRisk": "low",
    "riskScore": 2,
    "sources": [
      [
        "pib-factcheck",
        2,
      ],
      [
        "niti-aayog",
        2,
      ],
      [
        "rbi",
        2,
      ],
      [
        "mospi",
        2,
      ],
      [
        "agricoop",
        2,
      ],
      [
        "data-gov",
        2,
      ],
    ],
    "text": "PIB Fact Check: the claim that new 2000 rupee notes carry a GPS chip is fake news.",
    "topics": [
      "economy",
    ],
    "verdict": "unverified",
  },
  {
    "aspects": [
      [
        "sensational",
        88,
      ],
      [
        "attribution",
        null,
      ],
      [
        "emotion",
        96,
      ],
      [
        "urgency",
        95,
      ],
      [
        "specificity",
        51,
      ],
      [
        "style",
        98,
      ],
      [
        "clickbait",
        94,
      ],
      [
        "corroboration",
        null,
      ],
    ],
    "attribution": [
      "as per ministry of finance",
    ],
    "dates": [
      "2000",
    ],
    "debunkFraming": false,
    "languageRisk": "low",
    "riskScore": 8,
    "sources": [
      [
        "pib-factcheck",
        3,
      ],
      [
        "niti-aayog",
        3,
      ],
      [
        "mospi",
        3,
      ],
      [
        "data-gov",
        3,
      ],
      [
        "meity",
        2,
      ],
      [
        "uidai",
        2,
      ],
      [
        "rbi",
        1,
      ],
      [
        "agricoop",
        1,
      ],
    ],
    "text": "The government has quietly decided to ban all cash transactions above Rs 2000 from next month, as per the Ministry of Finance.",
    "topics": [
      "policy",
      "economy",
    ],
    "verdict": "unverified",
  },
  {
    "aspects": [
      [
        "sensational",
        85,
      ],
      [
        "attribution",
        null,
      ],
      [
        "emotion",
        96,
      ],
      [
        "urgency",
        95,
      ],
      [
        "specificity",
        62,
      ],
      [
        "style",
        98,
      ],
      [
        "clickbait",
        94,
      ],
      [
        "corroboration",
        null,
      ],
    ],
    "attribution": [
      "officials confirmed",
    ],
    "dates": [
      "3 march 2025",
    ],
    "debunkFraming": false,
    "languageRisk": "low",
    "riskScore": 10,
    "sources": [
      [
        "pib-factcheck",
        4,
      ],
      [
        "niti-aayog",
        4,
      ],
      [
        "mohfw",
        3,
      ],
      [
        "icmr",
        3,
      ],
      [
        "mospi",
        1,
      ],
      [
        "meity",
        1,
      ],
      [
        "uidai",
        1,
      ],
      [
        "data-gov",
        1,
      ],
    ],
    "text": "According to a statement by the Ministry of Health, drinking hot water every hour cures covid, officials confirmed on 3 March 2025.",
    "topics": [
      "health",
      "policy",
    ],
    "verdict": "unverified",
  },
  {
    "aspects": [
      [
        "sensational",
        100,
      ],
      [
        "attribution",
        null,
      ],
      [
        "emotion",
        96,
      ],
      [
        "urgency",
        95,
      ],
      [
        "specificity",
        26,
      ],
      [
        "style",
        98,
      ],
      [
        "clickbait",
        94,
      ],
      [
        "corroboration",
        null,
      ],
    ],
    "attribution": [],
    "dates": [],
    "debunkFraming": false,
    "languageRisk": "low",
    "riskScore": 0,
    "sources": [
      [
        "pib-factcheck",
        0,
      ],
    ],
    "text": "The whole market may decide to separate the novel database from the forward plan.",
    "topics": [
      "general",
    ],
    "verdict": "unverified",
  },
  {
    "aspects": [
      [
        "sensational",
        100,
      ],
      [
        "attribution",
        null,
      ],
      [
        "emotion",
        96,
      ],
      [
        "urgency",
        95,
      ],
      [
        "specificity",
        26,
      ],
      [
        "style",
        90,
      ],
      [
        "clickbait",
        94,
      ],
      [
        "corroboration",
        null,
      ],
    ],
    "attribution": [],
    "dates": [],
    "debunkFraming": false,
    "languageRisk": "low",
    "riskScore": 4,
    "sources": [
      [
        "pib-factcheck",
        4,
      ],
      [
        "rbi",
        4,
      ],
      [
        "meity",
        4,
      ],
      [
        "cert-in",
        4,
      ],
      [
        "uidai",
        4,
      ],
    ],
    "text": "UIDAI advisory: never share your Aadhaar OTP with anyone over the phone.",
    "topics": [
      "digital",
    ],
    "verdict": "unverified",
  },
  {
    "aspects": [
      [
        "sensational",
        31,
      ],
      [
        "attribution",
        null,
      ],
      [
        "emotion",
        96,
      ],
      [
        "urgency",
        70,
      ],
      [
        "specificity",
        37,
      ],
      [
        "style",
        86,
      ],
      [
        "clickbait",
        94,
      ],
      [
        "corroboration",
        null,
      ],
    ],
    "attribution": [],
    "dates": [],
    "debunkFraming": false,
    "languageRisk": "high",
    "riskScore": 70,
    "sources": [
      [
        "pib-factcheck",
        1,
      ],
      [
        "niti-aayog",
        1,
      ],
      [
        "mospi",
        1,
      ],
      [
        "meity",
        1,
      ],
      [
        "uidai",
        1,
      ],
      [
        "data-gov",
        1,
      ],
    ],
    "text": "Act now, 100% guaranteed returns from this new investment scheme!",
    "topics": [
      "policy",
    ],
    "verdict": "likely-misleading",
  },
  {
    "aspects": [
      [
        "sensational",
        100,
      ],
      [
        "attribution",
        null,
      ],
      [
        "emotion",
        96,
      ],
      [
        "urgency",
        95,
      ],
      [
        "specificity",
        37,
      ],
      [
        "style",
        98,
      ],
      [
        "clickbait",
        94,
      ],
      [
        "corroboration",
        null,
      ],
    ],
    "attribution": [],
    "dates": [],
    "debunkFraming": false,
    "languageRisk": "low",
    "riskScore": 0,
    "sources": [
      [
        "pib-factcheck",
        2,
      ],
      [
        "rbi",
        2,
      ],
      [
        "niti-aayog",
        1,
      ],
      [
        "mospi",
        1,
      ],
      [
        "meity",
        1,
      ],
      [
        "cert-in",
        1,
      ],
      [
        "uidai",
        1,
      ],
      [
        "agricoop",
        1,
      ],
      [
        "data-gov",
        1,
      ],
    ],
    "text": "Sensex closes 300 points higher as IT stocks rally, data shows.",
    "topics": [
      "economy",
      "digital",
    ],
    "verdict": "unverified",
  },
]
`;
